******************************************************************************
                  MSP430 Linker PC v4.3.3                      
******************************************************************************
>> Linked Sun Nov 02 01:21:45 2014

OUTPUT FILE NAME:   <proj48_christmas_star_dim_reva.out>
ENTRY POINT SYMBOL: "_c_int00"  address: 0000e51a


MEMORY CONFIGURATION

         name            origin    length      used     unused   attr    fill
----------------------  --------  ---------  --------  --------  ----  --------
  SFR                   00000000   00000010  00000000  00000010  RWIX
  PERIPHERALS_8BIT      00000010   000000f0  00000000  000000f0  RWIX
  PERIPHERALS_16BIT     00000100   00000100  00000000  00000100  RWIX
  RAM                   00000200   00000100  0000006c  00000094  RWIX
  INFOD                 00001000   00000040  00000000  00000040  RWIX
  INFOC                 00001040   00000040  00000000  00000040  RWIX
  INFOB                 00001080   00000040  00000000  00000040  RWIX
  INFOA                 000010c0   00000040  00000000  00000040  RWIX
  FLASH                 0000e000   00001fe0  000005b8  00001a28  RWIX
  INT00                 0000ffe0   00000002  00000000  00000002  RWIX
  INT01                 0000ffe2   00000002  00000000  00000002  RWIX
  INT02                 0000ffe4   00000002  00000002  00000000  RWIX
  INT03                 0000ffe6   00000002  00000002  00000000  RWIX
  INT04                 0000ffe8   00000002  00000002  00000000  RWIX
  INT05                 0000ffea   00000002  00000002  00000000  RWIX
  INT06                 0000ffec   00000002  00000000  00000002  RWIX
  INT07                 0000ffee   00000002  00000000  00000002  RWIX
  INT08                 0000fff0   00000002  00000002  00000000  RWIX
  INT09                 0000fff2   00000002  00000002  00000000  RWIX
  INT10                 0000fff4   00000002  00000002  00000000  RWIX
  INT11                 0000fff6   00000002  00000002  00000000  RWIX
  INT12                 0000fff8   00000002  00000000  00000002  RWIX
  INT13                 0000fffa   00000002  00000000  00000002  RWIX
  INT14                 0000fffc   00000002  00000002  00000000  RWIX
  RESET                 0000fffe   00000002  00000002  00000000  RWIX


SECTION ALLOCATION MAP

 output                                  attributes/
section   page    origin      length       input sections
--------  ----  ----------  ----------   ----------------
.init_array 
*          0    0000e000    00000000     UNINITIALIZED

.data      0    00000200    0000001c     UNINITIALIZED
                  00000200    0000001c     main.obj (.data)

.TI.persistent 
*          0    00000200    00000000     UNINITIALIZED

.stack     0    000002b0    00000050     UNINITIALIZED
                  000002b0    00000002     rts430_eabi.lib : boot.obj (.stack)
                  000002b2    0000004e     --HOLE--

.text      0    0000e000    0000058e     
                  0000e000    0000037c     main.obj (.text:main)
                  0000e37c    0000005e     rts430_eabi.lib : copy_decompress_rle.obj (.text:__TI_decompress_rle_core)
                  0000e3da    0000005e                     : autoinit.obj (.text:_auto_init)
                  0000e438    00000048     main.obj (.text:send_rf_conf2)
                  0000e480    00000038     main.obj (.text:analogRead)
                  0000e4b8    00000024     main.obj (.text:one_conf2)
                  0000e4dc    00000024     main.obj (.text:zero_conf2)
                  0000e500    0000001a     main.obj (.text:Port_1)
                  0000e51a    0000001a     rts430_eabi.lib : boot.obj (.text:_c_int00_noexit)
                  0000e534    00000012     main.obj (.text:Timer0_A0)
                  0000e546    00000012     rts430_eabi.lib : copy_decompress_none.obj (.text:decompress:none:__TI_decompress_none)
                  0000e558    00000012                     : memcpy.obj (.text:memcpy)
                  0000e56a    00000010                     : epilog.obj (.text)
                  0000e57a    00000006                     : isr_trap.obj (.text:__TI_ISR_TRAP)
                  0000e580    00000006                     : copy_decompress_rle.obj (.text:decompress:rle24:__TI_decompress_rle24)
                  0000e586    00000004                     : pre_init.obj (.text:_system_pre_init)
                  0000e58a    00000004                     : exit.obj (.text:abort)

.const     0    0000e58e    00000010     
                  0000e58e    00000010     main.obj (.const:.string:Aux2OFF)

.cinit     0    0000e59e    0000001a     
                  0000e59e    00000012     (.cinit..data.load) [load image, compression = rle]
                  0000e5b0    00000004     (__TI_handler_table)
                  0000e5b4    00000004     (__TI_cinit_table)

PORT1      0    0000ffe4    00000002     
                  0000ffe4    00000002     main.obj (.int02)

PORT2      0    0000ffe6    00000002     
                  0000ffe6    00000002     rts430_eabi.lib : int03.obj (.int03)

USI        0    0000ffe8    00000002     
                  0000ffe8    00000002     rts430_eabi.lib : int04.obj (.int04)

ADC10      0    0000ffea    00000002     
                  0000ffea    00000002     rts430_eabi.lib : int05.obj (.int05)

TIMER0_A1 
*          0    0000fff0    00000002     
                  0000fff0    00000002     rts430_eabi.lib : int08.obj (.int08)

TIMER0_A0 
*          0    0000fff2    00000002     
                  0000fff2    00000002     main.obj (.int09)

WDT        0    0000fff4    00000002     
                  0000fff4    00000002     rts430_eabi.lib : int10.obj (.int10)

COMPARATORA 
*          0    0000fff6    00000002     
                  0000fff6    00000002     rts430_eabi.lib : int11.obj (.int11)

NMI        0    0000fffc    00000002     
                  0000fffc    00000002     rts430_eabi.lib : int14.obj (.int14)

.reset     0    0000fffe    00000002     
                  0000fffe    00000002     rts430_eabi.lib : boot.obj (.reset)


LINKER GENERATED COPY TABLES

__TI_cinit_table @ 0000e5b4 records: 1, size/record: 4, table size: 4
	.data: load addr=0000e59e, load size=00000012 bytes, run addr=00000200, run size=0000001c bytes, compression=rle


LINKER GENERATED HANDLER TABLE

__TI_handler_table @ 0000e5b0 records: 2, size/record: 2, table size: 4
	index: 0, handler: __TI_decompress_rle24
	index: 1, handler: __TI_decompress_none


GLOBAL SYMBOLS: SORTED ALPHABETICALLY BY Name 

address    name
--------   ----
0000020a   AConCount
0000004a   ADC10AE0
000001b0   ADC10CTL0
000001b2   ADC10CTL1
00000048   ADC10DTC0
00000049   ADC10DTC1
000001b4   ADC10MEM
000001bc   ADC10SA
0000e58e   Aux2OFF
00000057   BCSCTL1
00000058   BCSCTL2
00000053   BCSCTL3
0000e58a   C$$EXIT
00000059   CACTL1
0000005a   CACTL2
000010fb   CALBC1_12MHZ
000010f9   CALBC1_16MHZ
000010ff   CALBC1_1MHZ
000010fd   CALBC1_8MHZ
000010fa   CALDCO_12MHZ
000010f8   CALDCO_16MHZ
000010fe   CALDCO_1MHZ
000010fc   CALDCO_8MHZ
0000005b   CAPD
00000056   DCOCTL
00000128   FCTL1
0000012a   FCTL2
0000012c   FCTL3
00000000   IE1
00000002   IFG1
00000022   P1DIR
00000025   P1IE
00000024   P1IES
00000023   P1IFG
00000020   P1IN
00000021   P1OUT
00000027   P1REN
00000026   P1SEL
00000041   P1SEL2
0000002a   P2DIR
0000002d   P2IE
0000002c   P2IES
0000002b   P2IFG
00000028   P2IN
00000029   P2OUT
0000002f   P2REN
0000002e   P2SEL
00000042   P2SEL2
0000e500   Port_1
00000202   RFsendcount
00000172   TA0CCR0
00000174   TA0CCR1
00000176   TA0CCR2
00000162   TA0CCTL0
00000164   TA0CCTL1
00000166   TA0CCTL2
00000160   TA0CTL
0000012e   TA0IV
00000170   TA0R
0000e534   Timer0_A0
0000007a   USICCTL
0000007a   USICKCTL
0000007b   USICNT
00000078   USICTL
00000078   USICTL0
00000079   USICTL1
0000007c   USISR
0000007d   USISRH
0000007c   USISRL
00000120   WDTCTL
00000300   __STACK_END
00000050   __STACK_SIZE
0000e5b4   __TI_CINIT_Base
0000e5b8   __TI_CINIT_Limit
0000e5b0   __TI_Handler_Table_Base
0000e5b4   __TI_Handler_Table_Limit
UNDEFED    __TI_INITARRAY_Base
UNDEFED    __TI_INITARRAY_Limit
0000e57a   __TI_ISR_TRAP
00000001   __TI_args_main
0000e546   __TI_decompress_none
0000e580   __TI_decompress_rle24
00000001   __TI_exit
0000ffe4   __TI_int02
0000ffe6   __TI_int03
0000ffe8   __TI_int04
0000ffea   __TI_int05
0000fff0   __TI_int08
0000fff2   __TI_int09
0000fff4   __TI_int10
0000fff6   __TI_int11
0000fffc   __TI_int14
ffffffff   __binit__
ffffffff   __c_args__
0000e576   __mspabi_func_epilog_1
0000e574   __mspabi_func_epilog_2
0000e572   __mspabi_func_epilog_3
0000e570   __mspabi_func_epilog_4
0000e56e   __mspabi_func_epilog_5
0000e56c   __mspabi_func_epilog_6
0000e56a   __mspabi_func_epilog_7
0000e3da   _auto_init
0000e51a   _c_int00
0000e51a   _c_int00_noexit
0000fffe   _reset_vector
000002b0   _stack
0000e586   _system_pre_init
0000e58a   abort
00000208   active
0000e480   analogRead
ffffffff   binit
0000020e   brightness
00000210   brightnessTEMP
00000200   direction
0000020c   ledcount
00000216   loopcount
0000e000   main
0000e558   memcpy
0000e4b8   one_conf2
00000218   powerdown
0000e438   send_rf_conf2
00000214   tempcount
00000204   temperature1
00000206   temperature2
0000021a   timeout
00000212   triacCount
0000e4dc   zero_conf2


GLOBAL SYMBOLS: SORTED BY Symbol Address 

address    name
--------   ----
00000000   IE1
00000001   __TI_args_main
00000001   __TI_exit
00000002   IFG1
00000020   P1IN
00000021   P1OUT
00000022   P1DIR
00000023   P1IFG
00000024   P1IES
00000025   P1IE
00000026   P1SEL
00000027   P1REN
00000028   P2IN
00000029   P2OUT
0000002a   P2DIR
0000002b   P2IFG
0000002c   P2IES
0000002d   P2IE
0000002e   P2SEL
0000002f   P2REN
00000041   P1SEL2
00000042   P2SEL2
00000048   ADC10DTC0
00000049   ADC10DTC1
0000004a   ADC10AE0
00000050   __STACK_SIZE
00000053   BCSCTL3
00000056   DCOCTL
00000057   BCSCTL1
00000058   BCSCTL2
00000059   CACTL1
0000005a   CACTL2
0000005b   CAPD
00000078   USICTL
00000078   USICTL0
00000079   USICTL1
0000007a   USICCTL
0000007a   USICKCTL
0000007b   USICNT
0000007c   USISR
0000007c   USISRL
0000007d   USISRH
00000120   WDTCTL
00000128   FCTL1
0000012a   FCTL2
0000012c   FCTL3
0000012e   TA0IV
00000160   TA0CTL
00000162   TA0CCTL0
00000164   TA0CCTL1
00000166   TA0CCTL2
00000170   TA0R
00000172   TA0CCR0
00000174   TA0CCR1
00000176   TA0CCR2
000001b0   ADC10CTL0
000001b2   ADC10CTL1
000001b4   ADC10MEM
000001bc   ADC10SA
00000200   direction
00000202   RFsendcount
00000204   temperature1
00000206   temperature2
00000208   active
0000020a   AConCount
0000020c   ledcount
0000020e   brightness
00000210   brightnessTEMP
00000212   triacCount
00000214   tempcount
00000216   loopcount
00000218   powerdown
0000021a   timeout
000002b0   _stack
00000300   __STACK_END
000010f8   CALDCO_16MHZ
000010f9   CALBC1_16MHZ
000010fa   CALDCO_12MHZ
000010fb   CALBC1_12MHZ
000010fc   CALDCO_8MHZ
000010fd   CALBC1_8MHZ
000010fe   CALDCO_1MHZ
000010ff   CALBC1_1MHZ
0000e000   main
0000e3da   _auto_init
0000e438   send_rf_conf2
0000e480   analogRead
0000e4b8   one_conf2
0000e4dc   zero_conf2
0000e500   Port_1
0000e51a   _c_int00
0000e51a   _c_int00_noexit
0000e534   Timer0_A0
0000e546   __TI_decompress_none
0000e558   memcpy
0000e56a   __mspabi_func_epilog_7
0000e56c   __mspabi_func_epilog_6
0000e56e   __mspabi_func_epilog_5
0000e570   __mspabi_func_epilog_4
0000e572   __mspabi_func_epilog_3
0000e574   __mspabi_func_epilog_2
0000e576   __mspabi_func_epilog_1
0000e57a   __TI_ISR_TRAP
0000e580   __TI_decompress_rle24
0000e586   _system_pre_init
0000e58a   C$$EXIT
0000e58a   abort
0000e58e   Aux2OFF
0000e5b0   __TI_Handler_Table_Base
0000e5b4   __TI_CINIT_Base
0000e5b4   __TI_Handler_Table_Limit
0000e5b8   __TI_CINIT_Limit
0000ffe4   __TI_int02
0000ffe6   __TI_int03
0000ffe8   __TI_int04
0000ffea   __TI_int05
0000fff0   __TI_int08
0000fff2   __TI_int09
0000fff4   __TI_int10
0000fff6   __TI_int11
0000fffc   __TI_int14
0000fffe   _reset_vector
ffffffff   __binit__
ffffffff   __c_args__
ffffffff   binit
UNDEFED    __TI_INITARRAY_Base
UNDEFED    __TI_INITARRAY_Limit

[127 symbols]
